### Step 2A

maggiewernet@Maggies-iMac Grand Circus % pwd
/Users/maggiewernet/documents/Grand Circus


### Step 2B

maggiewernet@Maggies-iMac Grand Circus % cd ~
maggiewernet@Maggies-iMac ~ % ls
Applications		Downloads		Pictures
Creative Cloud Files	Library			Public
Desktop			Movies
Documents		Music
maggiewernet@Maggies-iMac ~ % cd desktop
maggiewernet@Maggies-iMac desktop % 


### Step 2C
 
maggiewernet@Maggies-iMac desktop % cd unit1-git-practice 
maggiewernet@Maggies-iMac unit1-git-practice % 

### Step 2D

maggiewernet@Maggies-iMac unit1-git-practice % pwd
/Users/maggiewernet/desktop/unit1-git-practice

### Step 2E

maggiewernet@Maggies-iMac unit1-git-practice % ls


### Step 2F

my-steps.txt

### Step 2G

maggiewernet@Maggies-iMac unit1-git-practice % cd ~
maggiewernet@Maggies-iMac ~ % 

### Step 2H

maggiewernet@Maggies-iMac ~ % pwd
/Users/maggiewernet

### Step 2I

maggiewernet@Maggies-iMac ~ % ls
Applications		Downloads		Pictures
Creative Cloud Files	Library			Public
Desktop			Movies
Documents		Music

### Step 2J

maggiewernet@Maggies-iMac ~ % cd ~
maggiewernet@Maggies-iMac ~ % 

### Step 2K

maggiewernet@Maggies-iMac ~ % cd desktop
maggiewernet@Maggies-iMac desktop % cd unit1-git-practice 
maggiewernet@Maggies-iMac unit1-git-practice % 

### Step 3A

maggiewernet@Maggies-iMac unit1-git-practice % mkdir veggies
maggiewernet@Maggies-iMac unit1-git-practice % ls
my-steps.txt	veggies
maggiewernet@Maggies-iMac unit1-git-practice % mkdir meats
maggiewernet@Maggies-iMac unit1-git-practice % mkdir desserts
maggiewernet@Maggies-iMac unit1-git-practice % 

### Step 3B

maggiewernet@Maggies-iMac unit1-git-practice % mv desserts sweets

### Step 3C

maggiewernet@Maggies-iMac unit1-git-practice % mkdir proteins

### Step 3D

maggiewernet@Maggies-iMac unit1-git-practice % mv meats proteins
maggiewernet@Maggies-iMac unit1-git-practice % ls
my-steps.txt	proteins	sweets		veggies
maggiewernet@Maggies-iMac unit1-git-practice % cd veggies

### Step 3E

maggiewernet@Maggies-iMac veggies % touch carrot.txt
maggiewernet@Maggies-iMac veggies % ls
carrot.txt
maggiewernet@Maggies-iMac veggies % touch pea.txt
maggiewernet@Maggies-iMac veggies % ls
carrot.txt	pea.txt

### Step 3F  

maggiewernet@Maggies-iMac veggies % cd ~
maggiewernet@Maggies-iMac ~ % ls       
Applications		Downloads		Pictures
Creative Cloud Files	Library			Public
Desktop			Movies
Documents		Music
maggiewernet@Maggies-iMac ~ % cd desktop
maggiewernet@Maggies-iMac desktop % ls
Cooking with Zeke
Get Healthy
MSA 
Personal
Screen Shot 2022-12-05 at 6.10.52 PM.png
unit1-git-practice
maggiewernet@Maggies-iMac desktop % cd unit1-git-practice 
maggiewernet@Maggies-iMac unit1-git-practice % cd sweets
maggiewernet@Maggies-iMac sweets % touch cookie.txt
maggiewernet@Maggies-iMac sweets % ls
cookie.txt

### Step 3G

maggiewernet@Maggies-iMac sweets % mv cookie.txt donut.txt
maggiewernet@Maggies-iMac sweets % ls
donut.txt

### Step 3H

maggiewernet@Maggies-iMac sweets % cd ..
maggiewernet@Maggies-iMac unit1-git-practice % touch thing.txt

### Step 3I

maggiewernet@Maggies-iMac unit1-git-practice % cp thing.txt tofu.txt

### Step 3J

maggiewernet@Maggies-iMac unit1-git-practice % mv tofu.txt proteins

### Step 3K

aggiewernet@Maggies-iMac unit1-git-practice % cp thing.txt crab.txt
maggiewernet@Maggies-iMac unit1-git-practice % ls
crab.txt	proteins	thing.txt
my-steps.txt	sweets		veggies
maggiewernet@Maggies-iMac unit1-git-practice % mv crab.txt proteins
maggiewernet@Maggies-iMac unit1-git-practice % cd proteins
maggiewernet@Maggies-iMac proteins % mv crab.txt meats

### Step 3L

maggiewernet@Maggies-iMac unit1-git-practice % rm thing.txt

### Step 3M

maggiewernet@Maggies-iMac unit1-git-practice % cp -r veggies plants
maggiewernet@Maggies-iMac unit1-git-practice % ls
my-steps.txt	plants		proteins	sweets		veggies

### Step 3N

maggiewernet@Maggies-iMac unit1-git-practice % mkdir drinks
maggiewernet@Maggies-iMac unit1-git-practice % rm -r drinks


### Step 4

maggiewernet@Maggies-iMac unit1-git-practice % git init
hint: Using 'master' as the name for the initial branch. This default branch name
hint: is subject to change. To configure the initial branch name to use in all
hint: of your new repositories, which will suppress this warning, call:
hint: 
hint: 	git config --global init.defaultBranch <name>
hint: 
hint: Names commonly chosen instead of 'master' are 'main', 'trunk' and
hint: 'development'. The just-created branch can be renamed via this command:
hint: 
hint: 	git branch -m <name>
Initialized empty Git repository in /Users/maggiewernet/Desktop/unit1-git-practice/.git/
maggiewernet@Maggies-iMac unit1-git-practice % git add .
maggiewernet@Maggies-iMac unit1-git-practice % git status
On branch master

No commits yet

Changes to be committed:
  (use "git rm --cached <file>..." to unstage)
	new file:   .DS_Store
	new file:   my-steps.txt
	new file:   plants/carrot.txt
	new file:   plants/pea.txt
	new file:   proteins/meats/crab.txt
	new file:   proteins/tofu.txt
	new file:   sweets/donut.txt
	new file:   veggies/carrot.txt
	new file:   veggies/pea.txt

maggiewernet@Maggies-iMac unit1-git-practice % git commit -m "First commit for unit 3"
[master (root-commit) b7e198d] First commit for unit 3
 9 files changed, 177 insertions(+)
 create mode 100644 .DS_Store
 create mode 100644 my-steps.txt
 create mode 100644 plants/carrot.txt
 create mode 100644 plants/pea.txt
 create mode 100644 proteins/meats/crab.txt
 create mode 100644 proteins/tofu.txt
 create mode 100644 sweets/donut.txt
 create mode 100644 veggies/carrot.txt
 create mode 100644 veggies/pea.txt

### Step 5

maggiewernet@Maggies-iMac unit1-git-practice % git remote add origin https://github.com/Maggie-Wernet/unit1-git-practice.git
git branch -M main
git push -u origin main
Username for 'https://github.com': Maggie-Wernet
Password for 'https://Maggie-Wernet@github.com': 
remote: Support for password authentication was removed on August 13, 2021.
remote: Please see https://docs.github.com/en/get-started/getting-started-with-git/about-remote-repositories#cloning-with-https-urls for information on currently recommended modes of authentication.
fatal: Authentication failed for 'https://github.com/Maggie-Wernet/unit1-git-practice.git/'
maggiewernet@Maggies-iMac unit1-git-practice % git remote add origin https://github.com/Maggie-Wernet/unit1-git-practice.git
git branch -M main
git push -u origin main

error: remote origin already exists.
Username for 'https://github.com': Maggie-Wernet
Password for 'https://Maggie-Wernet@github.com': 
remote: Support for password authentication was removed on August 13, 2021.
remote: Please see https://docs.github.com/en/get-started/getting-started-with-git/about-remote-repositories#cloning-with-https-urls for information on currently recommended modes of authentication.
fatal: Authentication failed for 'https://github.com/Maggie-Wernet/unit1-git-practice.git/'
maggiewernet@Maggies-iMac unit1-git-practice % git remote add origin https://github.com/Maggie-Wernet/unit1-git-practice.git
git branch -M main
git push -u origin main
error: remote origin already exists.
Username for 'https://github.com': Maggie-Wernet
Password for 'https://Maggie-Wernet@github.com': 
Enumerating objects: 9, done.
Counting objects: 100% (9/9), done.
Delta compression using up to 8 threads
Compressing objects: 100% (6/6), done.
Writing objects: 100% (9/9), 1.54 KiB | 1.54 MiB/s, done.
Total 9 (delta 0), reused 0 (delta 0), pack-reused 0
To https://github.com/Maggie-Wernet/unit1-git-practice.git
 * [new branch]      main -> main
Branch 'main' set up to track remote branch 'main' from 'origin'.
maggiewernet@Maggies-iMac unit1-git-practice % 


### Step 6

Changes not staged for commit:
  (use "git add <file>..." to update what will be committed)
  (use "git restore <file>..." to discard changes in working directory)
	modified:   my-steps.txt

Untracked files:
  (use "git add <file>..." to include in what will be committed)
	menu.txt

no changes added to commit (use "git add" and/or "git commit -a")
maggiewernet@Maggies-iMac unit1-git-practice % git add.
git: 'add.' is not a git command. See 'git --help'.

The most similar command is
	add
maggiewernet@Maggies-iMac unit1-git-practice % git add . 
maggiewernet@Maggies-iMac unit1-git-practice % git commit -m "starting a menu'
dquote> git push
dquote> git status
dquote> 
dquote> "
[main 94eea0e] starting a menu' git push git status
 2 files changed, 77 insertions(+)
 create mode 100644 menu.txt
maggiewernet@Maggies-iMac unit1-git-practice % git push
Enumerating objects: 6, done.
Counting objects: 100% (6/6), done.
Delta compression using up to 8 threads
Compressing objects: 100% (3/3), done.
Writing objects: 100% (4/4), 1.50 KiB | 1.50 MiB/s, done.
Total 4 (delta 2), reused 0 (delta 0), pack-reused 0
remote: Resolving deltas: 100% (2/2), completed with 2 local objects.
To https://github.com/Maggie-Wernet/unit1-git-practice.git
   b7e198d..94eea0e  main -> main
maggiewernet@Maggies-iMac unit1-git-practice % 

### Step 7

*** DO NOT RECORD STEP 7 ***